Content-Type: multipart/alternative;
 boundary="===============9080996532499001595=="
MIME-Version: 1.0
Subject: PauliCode - Email Verification Code
From: noreply@paulicode.local
To: student@spus.edu.ph
Date: Tue, 23 Dec 2025 16:47:58 -0000
Message-ID: <176650847876.5700.7199396067290971505@Ritchel>

--===============9080996532499001595==
Content-Type: text/plain; charset="utf-8"
MIME-Version: 1.0
Content-Transfer-Encoding: 8bit


        <html>
            <body style="font-family: Arial, sans-serif; background-color: #f5f5f5; padding: 20px;">
                <div style="max-width: 600px; margin: 0 auto; background-color: white; padding: 30px; border-radius: 10px; box-shadow: 0 2px 10px rgba(0,0,0,0.1);">
                    <h2 style="color: #4CD964; text-align: center;">Welcome to PauliCode</h2>
                    <p>Hi John,</p>
                    <p>Thank you for signing up! To complete your registration, please use the verification code below:</p>
                    <div style="background-color: #f0f0f0; padding: 20px; text-align: center; border-radius: 8px; margin: 20px 0;">
                        <h1 style="color: #4CD964; letter-spacing: 5px; margin: 0;">873979</h1>
                    </div>
                    <p>This code will expire in 15 minutes.</p>
                    <p>If you didn't request this code, please ignore this email.</p>
                    <hr style="border: none; border-top: 1px solid #ddd; margin: 20px 0;">
                    <p style="color: #888; font-size: 12px; text-align: center;">
                        PauliCode - Interactive Coding Platform<br>
                        © 2025 All rights reserved.
                    </p>
                </div>
            </body>
        </html>
        
--===============9080996532499001595==
Content-Type: text/html; charset="utf-8"
MIME-Version: 1.0
Content-Transfer-Encoding: 8bit


        <html>
            <body style="font-family: Arial, sans-serif; background-color: #f5f5f5; padding: 20px;">
                <div style="max-width: 600px; margin: 0 auto; background-color: white; padding: 30px; border-radius: 10px; box-shadow: 0 2px 10px rgba(0,0,0,0.1);">
                    <h2 style="color: #4CD964; text-align: center;">Welcome to PauliCode</h2>
                    <p>Hi John,</p>
                    <p>Thank you for signing up! To complete your registration, please use the verification code below:</p>
                    <div style="background-color: #f0f0f0; padding: 20px; text-align: center; border-radius: 8px; margin: 20px 0;">
                        <h1 style="color: #4CD964; letter-spacing: 5px; margin: 0;">873979</h1>
                    </div>
                    <p>This code will expire in 15 minutes.</p>
                    <p>If you didn't request this code, please ignore this email.</p>
                    <hr style="border: none; border-top: 1px solid #ddd; margin: 20px 0;">
                    <p style="color: #888; font-size: 12px; text-align: center;">
                        PauliCode - Interactive Coding Platform<br>
                        © 2025 All rights reserved.
                    </p>
                </div>
            </body>
        </html>
        
--===============9080996532499001595==--

-------------------------------------------------------------------------------
