Content-Type: multipart/alternative;
 boundary="===============3430893893626596068=="
MIME-Version: 1.0
Subject: Test Email
From: noreply@paulicode.local
To: test@example.com
Date: Tue, 23 Dec 2025 16:45:40 -0000
Message-ID: <176650834013.7232.7942302477163359876@Ritchel>

--===============3430893893626596068==
Content-Type: text/plain; charset="utf-8"
MIME-Version: 1.0
Content-Transfer-Encoding: 7bit

This is a test email
--===============3430893893626596068==
Content-Type: text/html; charset="utf-8"
MIME-Version: 1.0
Content-Transfer-Encoding: 7bit

<h1>Test</h1>
--===============3430893893626596068==--

-------------------------------------------------------------------------------
